$ NODE_OPTIONS='--max-old-space-size=8192' react-router build
Loaded environment variables from .env.local
Loaded environment variables from .env.local
Using Vite Environment API (experimental)
vite v7.3.1 building client environment for production...
transforming...
✓ 203 modules transformed.
✗ Build failed in 874ms
Could not resolve "../../../../components/articles/ArticleFAQ" from "app/articles/content/featured/how-do-i-figure-out-how-much-my-product-should-cost.tsx"
file: /Users/samdonegan/Documents/Code/mlai-au/app/articles/content/featured/how-do-i-figure-out-how-much-my-product-should-cost.tsx
    at getRollupError (file:///Users/samdonegan/Documents/Code/mlai-au/node_modules/rollup/dist/es/shared/parseAst.js:401:41)
    at error (file:///Users/samdonegan/Documents/Code/mlai-au/node_modules/rollup/dist/es/shared/parseAst.js:397:42)
    at ModuleLoader.handleInvalidResolvedId (file:///Users/samdonegan/Documents/Code/mlai-au/node_modules/rollup/dist/es/shared/node-entry.js:21490:24)
    at file:///Users/samdonegan/Documents/Code/mlai-au/node_modules/rollup/dist/es/shared/node-entry.js:21450:26 {
  code: 'UNRESOLVED_IMPORT',
  exporter: '../../../../components/articles/ArticleFAQ',
  id: '/Users/samdonegan/Documents/Code/mlai-au/app/articles/content/featured/how-do-i-figure-out-how-much-my-product-should-cost.tsx',
  watchFiles: [
    '/Users/samdonegan/Documents/Code/mlai-au/app/root.tsx',
    '/Users/samdonegan/Documents/Code/mlai-au/app/routes/_index.tsx',
    '/Users/samdonegan/Documents/Code/mlai-au/app/routes/sponsors.tsx',
    '/Users/samdonegan/Documents/Code/mlai-au/app/routes/dashboard.tsx',
    '/Users/samdonegan/Documents/Code/mlai-au/app/routes/members.tsx',
    '/Users/samdonegan/Documents/Code/mlai-au/app/routes/hackathon.tsx',
    '/Users/samdonegan/Documents/Code/mlai-au/app/routes/events.tsx',
    '/Users/samdonegan/Documents/Code/mlai-au/app/entry.client.tsx',
    '/Users/samdonegan/Documents/Code/mlai-au/app/routes/contact.tsx',
    '/Users/samdonegan/Documents/Code/mlai-au/app/routes/hackathons.tsx',
    '/Users/samdonegan/Documents/Code/mlai-au/app/routes/how-to-pitch-your-idea.tsx',
    '/Users/samdonegan/Documents/Code/mlai-au/app/routes/privacy.tsx',
    '/Users/samdonegan/Documents/Code/mlai-au/app/routes/terms.tsx',
    '/Users/samdonegan/Documents/Code/mlai-au/app/routes/platform.dashboard.tsx',
    '/Users/samdonegan/Documents/Code/mlai-au/app/routes/platform.login.tsx',
    '/Users/samdonegan/Documents/Code/mlai-au/app/routes/verify-email.tsx',
    '/Users/samdonegan/Documents/Code/mlai-au/app/routes/platform.logout.tsx',
    '/Users/samdonegan/Documents/Code/mlai-au/app/routes/esafety.tsx',
    '/Users/samdonegan/Documents/Code/mlai-au/app/routes/esafety._index.tsx',
    '/Users/samdonegan/Documents/Code/mlai-au/app/routes/esafety.team.tsx',
    '/Users/samdonegan/Documents/Code/mlai-au/app/routes/esafety.dashboard.tsx',
    '/Users/samdonegan/Documents/Code/mlai-au/app/routes/esafety.submit.tsx',
    '/Users/samdonegan/Documents/Code/mlai-au/app/routes/esafety.leaderboard.tsx',
    '/Users/samdonegan/Documents/Code/mlai-au/app/routes/esafety.resources.tsx',
    '/Users/samdonegan/Documents/Code/mlai-au/app/routes/esafety.profile.tsx',
    '/Users/samdonegan/Documents/Code/mlai-au/app/routes/hospital.app.tsx',
    '/Users/samdonegan/Documents/Code/mlai-au/app/routes/hospital.app.dashboard.tsx',
    '/Users/samdonegan/Documents/Code/mlai-au/app/routes/hospital.app.team.tsx',
    '/Users/samdonegan/Documents/Code/mlai-au/app/routes/chrome-devtools.tsx',
    '/Users/samdonegan/Documents/Code/mlai-au/app/routes/hospital.app.leaderboard.tsx',
    '/Users/samdonegan/Documents/Code/mlai-au/app/routes/hospital.app.submit.tsx',
    '/Users/samdonegan/Documents/Code/mlai-au/app/routes/articles.index.tsx',
    '/Users/samdonegan/Documents/Code/mlai-au/app/routes/articles.slug.tsx',
    '/Users/samdonegan/Documents/Code/mlai-au/package.json',
    '/Users/samdonegan/Documents/Code/mlai-au/node_modules/react/jsx-runtime.js',
    '/Users/samdonegan/Documents/Code/mlai-au/node_modules/react-dom/client.js',
    '/Users/samdonegan/Documents/Code/mlai-au/node_modules/react-router/dist/development/dom-export.mjs',
    '/Users/samdonegan/Documents/Code/mlai-au/node_modules/react/index.js',
    '/Users/samdonegan/Documents/Code/mlai-au/app/routes/home.tsx',
    '/Users/samdonegan/Documents/Code/mlai-au/app/lib/api.ts',
    '/Users/samdonegan/Documents/Code/mlai-au/app/components/EsafetyAppLayout.tsx',
    '/Users/samdonegan/Documents/Code/mlai-au/app/components/hackathon/AboutUnite.tsx',
    '/Users/samdonegan/Documents/Code/mlai-au/app/components/hackathon/AboutEvent.tsx',
    '/Users/samdonegan/Documents/Code/mlai-au/app/components/hackathon/ExtendedInfo.tsx',
    '/Users/samdonegan/Documents/Code/mlai-au/app/components/hackathon/FAQ.tsx',
    '/Users/samdonegan/Documents/Code/mlai-au/app/components/hackathon/EventOverview.tsx',
    '/Users/samdonegan/Documents/Code/mlai-au/app/components/hackathon/gbhPeople.tsx',
    '/Users/samdonegan/Documents/Code/mlai-au/app/components/hackathon/MentorsVolunteers.tsx',
    '/Users/samdonegan/Documents/Code/mlai-au/app/components/hackathon/Schedule.tsx',
    '/Users/samdonegan/Documents/Code/mlai-au/app/components/hackathon/SilverSponsors.tsx',
    '/Users/samdonegan/Documents/Code/mlai-au/app/components/hackathon/Speakers.tsx',
    '/Users/samdonegan/Documents/Code/mlai-au/app/components/hackathon/Sponsors.tsx',
    '/Users/samdonegan/Documents/Code/mlai-au/app/components/hackathon/Hero.tsx',
    '/Users/samdonegan/Documents/Code/mlai-au/app/components/hackathon/InfoForHackers.tsx',
    '/Users/samdonegan/Documents/Code/mlai-au/app/components/esafety/Leaderboard.tsx',
    '/Users/samdonegan/Documents/Code/mlai-au/app/components/esafety/SubmissionForm.tsx',
    '/Users/samdonegan/Documents/Code/mlai-au/node_modules/react/cjs/react.production.js',
    '/Users/samdonegan/Documents/Code/mlai-au/app/components/CTA.tsx',
    '/Users/samdonegan/Documents/Code/mlai-au/node_modules/react/cjs/react-jsx-runtime.production.js',
    '/Users/samdonegan/Documents/Code/mlai-au/app/components/EventsCalendar.tsx',
    '/Users/samdonegan/Documents/Code/mlai-au/app/components/UpcomingEvents.tsx',
    '/Users/samdonegan/Documents/Code/mlai-au/app/components/Leaderboard.tsx',
    '/Users/samdonegan/Documents/Code/mlai-au/app/components/HospitalAppLayout.tsx',
    '/Users/samdonegan/Documents/Code/mlai-au/app/components/esafety/TeamSubmissions.tsx',
    '/Users/samdonegan/Documents/Code/mlai-au/app/components/ui/Container.tsx',
    '/Users/samdonegan/Documents/Code/mlai-au/app/components/Agenda.tsx',
    '/Users/samdonegan/Documents/Code/mlai-au/app/components/Announcements.tsx',
    '/Users/samdonegan/Documents/Code/mlai-au/node_modules/react-dom/cjs/react-dom-client.production.js',
    '/Users/samdonegan/Documents/Code/mlai-au/app/components/articles/ArticleSearchBar.tsx',
    '/Users/samdonegan/Documents/Code/mlai-au/app/components/articles/FeaturedArticleCard.tsx',
    '/Users/samdonegan/Documents/Code/mlai-au/app/components/articles/ArticleListCard.tsx',
    '/Users/samdonegan/Documents/Code/mlai-au/app/components/ui/Typography.tsx',
    '/Users/samdonegan/Documents/Code/mlai-au/app/components/ui/Button.tsx',
    '/Users/samdonegan/Documents/Code/mlai-au/node_modules/react-router/dist/development/chunk-FNSCYPCZ.mjs',
    '/Users/samdonegan/Documents/Code/mlai-au/node_modules/react-router/dist/development/chunk-EPOLDU6W.mjs',
    '/Users/samdonegan/Documents/Code/mlai-au/app/articles/registry.ts',
    '/Users/samdonegan/Documents/Code/mlai-au/node_modules/react-dom/index.js',
    '/Users/samdonegan/Documents/Code/mlai-au/app/components/GradientBackground.tsx',
    '/Users/samdonegan/Documents/Code/mlai-au/app/components/team.tsx',
    '/Users/samdonegan/Documents/Code/mlai-au/app/components/previous-team.tsx',
    '/Users/samdonegan/Documents/Code/mlai-au/app/components/SectionMarkers.tsx',
    '/Users/samdonegan/Documents/Code/mlai-au/app/components/sidebar.tsx',
    '/Users/samdonegan/Documents/Code/mlai-au/app/app.css',
    '/Users/samdonegan/Documents/Code/mlai-au/node_modules/tailwindcss/index.css',
    '/Users/samdonegan/Documents/Code/mlai-au/node_modules/tw-animate-css/dist/tw-animate.css',
    '/Users/samdonegan/Documents/Code/mlai-au/app/components/footer.tsx',
    '/Users/samdonegan/Documents/Code/mlai-au/app/lib/avatar.ts',
    '/Users/samdonegan/Documents/Code/mlai-au/app/components/AvatarModal.tsx',
    '/Users/samdonegan/Documents/Code/mlai-au/app/articles/content/featured/best-way-to-learn-about-ai-2026.tsx',
    '/Users/samdonegan/Documents/Code/mlai-au/app/articles/content/featured/how-to-get-started-with-ai-2026.tsx',
    '/Users/samdonegan/Documents/Code/mlai-au/app/articles/content/featured/how-do-i-figure-out-how-much-my-product-should-cost.tsx',
    '/Users/samdonegan/Documents/Code/mlai-au/app/articles/content/featured/ai-hackathons-and-events-melbourne.tsx',
    '/Users/samdonegan/Documents/Code/mlai-au/app/articles/content/featured/how-to-raise-money-for-my-startup-in-australia-2026.tsx',
    '/Users/samdonegan/Documents/Code/mlai-au/app/articles/content/featured/how-to-start-a-startup-and-use-ai-to-make-it-easy.tsx',
    '/Users/samdonegan/Documents/Code/mlai-au/app/articles/content/featured/ive-vibe-coded-my-startup-now-what-how-to-get-your-mvp-in.tsx',
    '/Users/samdonegan/Documents/Code/mlai-au/app/articles/content/featured/weekly-deep-dive-into-ai-and-ml-advancements-updates.tsx',
    '/Users/samdonegan/Documents/Code/mlai-au/app/components/articles/ArticleLayout.tsx',
    '/Users/samdonegan/Documents/Code/mlai-au/app/components/SectionDivider.tsx',
    '/Users/samdonegan/Documents/Code/mlai-au/app/components/feature.tsx',
    '/Users/samdonegan/Documents/Code/mlai-au/app/components/SubstackUpdates.tsx',
    ... 103 more items
  ]
}
error: script "build" exited with code 1
